[www.aleslanger.com/index.html]
[backblue.gif]
[fade.gif]
[index.html]
[www.aleslanger.com/css/36648179.design.v1641295449.css]
[www.aleslanger.com/css/base.css]
[www.aleslanger.com/css/rowsconcept.css]
[www.aleslanger.com/css/somelinks.css]
[www.aleslanger.com/css/footerlayout5.css]
[www.aleslanger.com/css/fontawesome-all.css]
[www.aleslanger.com/css/ionicons.min.css]
[www.aleslanger.com/index-2.html]
[www.aleslanger.com/419098240.html]
[www.aleslanger.com/422683590.html]
[www.aleslanger.com/420255613.html]
[www.aleslanger.com/420255602.html]
[www.aleslanger.com/420255628.html]
[www.aleslanger.com/420255634.html]
[www.aleslanger.com/419098416.html]
[www.aleslanger.com/424659293.html]
[www.aleslanger.com/422683514.html]
[www.aleslanger.com/420163540.html]
[www.aleslanger.com/422686296.html]
[www.aleslanger.com/420163545.html]
[www.aleslanger.com/420163552.html]
[www.aleslanger.com/420792675.html]
[www.aleslanger.com/422620037.html]
[www.aleslanger.com/images/i287104489309727124._szw1280h1280_.jpg]
[www.google-analytics.com/analytics.js]
[www.aleslanger.com/js/frontendApp.min.js]
[www.google.com/recaptcha/api5614.js]
[www.aleslanger.com/index.html]
[www.aleslanger.com/css/css.css]
[www.aleslanger.com/css/36648179.design.v1641295449.css]
[www.aleslanger.com/css/base.css]
[www.aleslanger.com/css/rowsconcept.css]
[www.aleslanger.com/css/somelinks.css]
[www.aleslanger.com/css/footerlayout5.css]
[www.aleslanger.com/fonts/fa-brands-400.eot]
[www.aleslanger.com/fonts/fa-brands-400.woff]
[www.aleslanger.com/fonts/fa-brands-400.ttf]
[www.aleslanger.com/fonts/fa-regular-400.eot]
[www.aleslanger.com/fonts/fa-regular-400.woff]
[www.aleslanger.com/fonts/fa-regular-400.ttf]
[www.aleslanger.com/fonts/fa-solid-900.eot]
[www.aleslanger.com/fonts/fa-solid-900.woff]
[www.aleslanger.com/fonts/fa-solid-900.ttf]
[www.aleslanger.com/css/fontawesome-all.css]
[www.aleslanger.com/fonts/ionicons.eot]
[www.aleslanger.com/fonts/ionicons.ttf]
[www.aleslanger.com/fonts/ionicons.woff]
[www.aleslanger.com/css/ionicons.min.css]
[www.aleslanger.com/FrontendAppLocalePage.html]
[www.aleslanger.com/index-2.html]
[www.aleslanger.com/419098240.html]
[ajax.aspnetcdn.com/ajax/jQuery/jquery-3.2.1.js]
[www.aleslanger.com/js/contactFormValidation.js]
[www.aleslanger.com/422683590.html]
[www.aleslanger.com/images/i287104489257403113._szw480h1280_.jpg]
[www.aleslanger.com/images/i287104489257403205._szw480h1280_.jpg]
[www.aleslanger.com/420255613.html]
[www.aleslanger.com/420255602.html]
[www.aleslanger.com/420255628.html]
[www.aleslanger.com/images/i287104489255634034._szw480h1280_.jpg]
[www.aleslanger.com/images/i287104489278033975._szw480h1280_.jpg]
[www.aleslanger.com/420255634.html]
[www.aleslanger.com/images/i287104489269512146._szw480h1280_.jpg]
[www.aleslanger.com/images/i287104489269512477._szw480h1280_.jpg]
[www.aleslanger.com/images/i287104489269512670._szw480h1280_.jpg]
[www.aleslanger.com/images/i287104489269512758._szw480h1280_.jpg]
[www.aleslanger.com/images/i287104489269513068._szw480h1280_.jpg]
[www.aleslanger.com/images/i287104489269512794._szw480h1280_.jpg]
[www.aleslanger.com/419098416.html]
[www.aleslanger.com/images/i287104489269267599._szw480h1280_.jpg]
[www.aleslanger.com/424659293.html]
[www.aleslanger.com/422683514_6.html]
[www.aleslanger.com/images/i287104489242750761.jpg]
[www.aleslanger.com/422683514_7.html]
[www.aleslanger.com/images/i287104489242750771.jpg]
[www.aleslanger.com/422683514_5.html]
[www.aleslanger.com/images/i287104489242750776.jpg]
[www.aleslanger.com/422683514_3.html]
[www.aleslanger.com/images/i287104489242750785.jpg]
[www.aleslanger.com/422683514_4.html]
[www.aleslanger.com/images/i287104489242750801.jpg]
[www.aleslanger.com/422683514_2.html]
[www.aleslanger.com/images/i287104489242750817.jpg]
[www.aleslanger.com/images/i287104489242750830.jpg]
[www.aleslanger.com/422683514_9.html]
[www.aleslanger.com/images/i287104489242750842.jpg]
[www.aleslanger.com/422683514_8.html]
[www.aleslanger.com/images/i287104489242750854.jpg]
[www.aleslanger.com/images/i287104489242750761._szw360h360_.jpg]
[www.aleslanger.com/images/i287104489242750771._szw360h360_.jpg]
[www.aleslanger.com/images/i287104489242750776._szw360h360_.jpg]
[www.aleslanger.com/images/i287104489242750785._szw360h360_.jpg]
[www.aleslanger.com/images/i287104489242750801._szw360h360_.jpg]
[www.aleslanger.com/images/i287104489242750817._szw360h360_.jpg]
[www.aleslanger.com/images/i287104489242750830._szw360h360_.jpg]
[www.aleslanger.com/images/i287104489242750842._szw360h360_.jpg]
[www.aleslanger.com/images/i287104489242750854._szw360h360_.jpg]
[www.aleslanger.com/422683514.html]
[www.aleslanger.com/images/i287104489282309909._szw480h1280_.jpg]
[www.aleslanger.com/images/i287104489282309966._szw480h1280_.jpg]
[www.aleslanger.com/420163540.html]
[www.aleslanger.com/422686296_1.html]
[www.aleslanger.com/images/i287104489243759382.jpg]
[www.aleslanger.com/images/i287104489243759382._szw360h270_.jpg]
[www.aleslanger.com/422686296.html]
[www.aleslanger.com/420163545.html]
[www.aleslanger.com/images/i287104489277946608._szw480h1280_.jpg]
[www.aleslanger.com/images/i287104489309606599._szw480h1280_.jpg]
[www.aleslanger.com/images/i287104489257590362._szw480h1280_.jpg]
[www.aleslanger.com/images/i287104489240020649._szw480h1280_.jpg]
[www.aleslanger.com/images/i287104489295420181._szw480h1280_.jpg]
[www.aleslanger.com/420163552.html]
[www.aleslanger.com/420792675.html]
[www.aleslanger.com/images/i287104489255866209._szw480h1280_.jpg]
[www.aleslanger.com/images/i287104489306019459._szw480h1280_.jpg]
[www.aleslanger.com/422620037.html]
[www.aleslanger.com/c/js/version3/frontendApp/init/frontendApp.min06e8.html]
[www.aleslanger.com/images/i287104489292840574._szw480h1280_.jpg]
[www.aleslanger.com/fonts/S6u8w4BMUTPHjxsAUi-v.ttf]
[www.aleslanger.com/fonts/S6uyw4BMUTPHjxAwWw.ttf]
[www.aleslanger.com/fonts/S6u9w4BMUTPHh6UVSwaPHA.ttf]
[www.aleslanger.com/css/css.css]
[www.aleslanger.com/images/fancybox-2.1.5/fancybox_sprite.html]
[www.aleslanger.com/images/fancybox-2.1.5/fancybox_loading.html]
[www.aleslanger.com/images/fancybox-2.1.5/blank.html]
[www.aleslanger.com/images/fancybox-2.1.5/fancybox_overlay.html]
[www.aleslanger.com/images/fancybox-2.1.5/fancybox_loading@2x.html]
[www.aleslanger.com/fonts/icon-right.svg]
[www.aleslanger.com/fonts/icon-left.svg]
[www.aleslanger.com/fonts/fa-brands-400.svg]
[www.aleslanger.com/fonts/fa-regular-400.html]
[www.aleslanger.com/fonts/fa-regular-400.svg]
[www.aleslanger.com/fonts/fa-solid-900.html]
[www.aleslanger.com/fonts/fa-solid-900.svg]
[www.aleslanger.com/fonts/ionicons.svg]
[www.aleslanger.com/422683590-2.html]
[www.aleslanger.com/420255613-2.html]
[www.aleslanger.com/420255602-2.html]
[www.aleslanger.com/420255628-2.html]
[www.aleslanger.com/420255634-2.html]
[www.aleslanger.com/419098416-2.html]
[www.aleslanger.com/424659293-2.html]
[www.aleslanger.com/422683514-2.html]
[www.aleslanger.com/images/i287104489242750761._szw1280h1280_.jpg]
[www.aleslanger.com/422683514_6.html]
[www.aleslanger.com/images/i287104489242750771._szw1280h1280_.jpg]
[www.aleslanger.com/422683514_7.html]
[www.aleslanger.com/images/i287104489242750776._szw1280h1280_.jpg]
[www.aleslanger.com/422683514_5.html]
[www.aleslanger.com/images/i287104489242750785._szw1280h1280_.jpg]
[www.aleslanger.com/422683514_3.html]
[www.aleslanger.com/images/i287104489242750801._szw1280h1280_.jpg]
[www.aleslanger.com/422683514_4.html]
[www.aleslanger.com/images/i287104489242750817._szw1280h1280_.jpg]
[www.aleslanger.com/422683514_2.html]
[www.aleslanger.com/422683514_1.html]
[www.aleslanger.com/422683514_9.html]
[www.aleslanger.com/images/i287104489242750842._szw1280h1280_.jpg]
[www.aleslanger.com/422683514_8.html]
[www.aleslanger.com/images/i287104489242750854._szw1280h1280_.jpg]
[www.aleslanger.com/420163540-2.html]
[www.aleslanger.com/422686296-2.html]
[www.aleslanger.com/422686296_1.html]
[www.aleslanger.com/images/i287104489243759382._szw1280h1280_.jpg]
[www.aleslanger.com/420163545-2.html]
[www.aleslanger.com/420163552-2.html]
[www.aleslanger.com/420792675-2.html]
[www.aleslanger.com/422620037-2.html]
[www.aleslanger.com/images/fancybox-2.1.5/fancybox_sprite@2x.png]
[www.aleslanger.com/fonts/fa-brands-400.woff2]
[www.aleslanger.com/4226835145587.html]
[www.aleslanger.com/4226835148323.html]
[www.aleslanger.com/422683514f290.html]
[www.aleslanger.com/422683514f1eb.html]
[www.aleslanger.com/422683514b25d.html]
[www.aleslanger.com/42268351433b0.html]
[www.aleslanger.com/images/i287104489242750830._szw1280h1280_.jpg]
[www.aleslanger.com/422683514_1.html]
[www.aleslanger.com/42268351483b3.html]
[www.aleslanger.com/422683514a594.html]
[www.aleslanger.com/4226862969f04.html]
[www.aleslanger.com/4226835147559.html]
